// Jest Snapshot v1, https://goo.gl/fbAQLP

exports[`NewGameButton renders correctly 1`] = `
<DocumentFragment>
  <button
    class="text-2xl font-bold bg-green-500 text-white px-4 py-2 rounded hover:bg-green-600 transition duration-200"
    type="button"
  >
    New Game
  </button>
</DocumentFragment>
`;
